<?xml version="1.0" encoding="UTF-8"?>
<rss version="2.0">
  <channel>
    <title>Example Site Feed</title>
    <description>Example Site Feed</description>
    <pubDate>NOW</pubDate>
    <generator>Total CMS</generator>
    <link>https://example.com</link>
    <item>
      <title>One</title>
      <pubDate>Thu, 01 Jan 2026 00:00:00 +0000</pubDate>
      <link>https://example.com/blog/one</link>
      <guid isPermaLink="false">one</guid>
    </item>
  </channel>
</rss>
